// Vitest Snapshot v1, https://vitest.dev/guide/snapshot.html

exports[`ExternalLinks component > snapshot 1`] = `
<DocumentFragment>
  .emotion-0 {
  display: -webkit-box;
  display: -webkit-flex;
  display: -ms-flexbox;
  display: flex;
  -webkit-align-items: center;
  -webkit-box-align: center;
  -ms-flex-align: center;
  align-items: center;
  -webkit-flex-direction: row;
  -ms-flex-direction: row;
  flex-direction: row;
}

.emotion-0>*:not(style)~*:not(style) {
  margin-top: 0px;
  -webkit-margin-end: 0px;
  margin-inline-end: 0px;
  margin-bottom: 0px;
  -webkit-margin-start: 2px;
  margin-inline-start: 2px;
}

.emotion-1:hover,
.emotion-1[data-hover] {
  -webkit-text-decoration: none;
  text-decoration: none;
}

<div
    class="chakra-stack emotion-0"
  >
    <a
      aria-label="Move to Profile Label"
      class="chakra-link emotion-1"
      href="/profile"
      rel="noopener noreferrer nofollow"
      target="_blank"
    />
    <a
      aria-label="Move to RSS Label"
      class="chakra-link emotion-1"
      href="/rss"
      rel="noopener noreferrer nofollow"
      target="_blank"
    />
    <a
      aria-label="Move to GitHub Label"
      class="chakra-link emotion-1"
      href="/github"
      rel="noopener noreferrer nofollow"
      target="_blank"
    />
    <a
      aria-label="Move to Twitter Label"
      class="chakra-link emotion-1"
      href="/twitter"
      rel="noopener noreferrer nofollow"
      target="_blank"
    />
  </div>
</DocumentFragment>
`;
