// Vitest Snapshot v1, https://vitest.dev/guide/snapshot.html

exports[`ExternalLinks component > snapshot 1`] = `
<DocumentFragment>
  .emotion-0 {
  display: -webkit-box;
  display: -webkit-flex;
  display: -ms-flexbox;
  display: flex;
  -webkit-align-items: center;
  -webkit-box-align: center;
  -ms-flex-align: center;
  align-items: center;
  -webkit-flex-direction: row;
  -ms-flex-direction: row;
  flex-direction: row;
}

.emotion-0>*:not(style)~*:not(style) {
  margin-top: 0px;
  -webkit-margin-end: 0px;
  margin-inline-end: 0px;
  margin-bottom: 0px;
  -webkit-margin-start: 1px;
  margin-inline-start: 1px;
}

.emotion-1 {
  display: -webkit-inline-box;
  display: -webkit-inline-flex;
  display: -ms-inline-flexbox;
  display: inline-flex;
  -webkit-appearance: none;
  -moz-appearance: none;
  -ms-appearance: none;
  appearance: none;
  -webkit-align-items: center;
  -webkit-box-align: center;
  -ms-flex-align: center;
  align-items: center;
  -webkit-box-pack: center;
  -ms-flex-pack: center;
  -webkit-justify-content: center;
  justify-content: center;
  -webkit-user-select: none;
  -moz-user-select: none;
  -ms-user-select: none;
  user-select: none;
  position: relative;
  white-space: nowrap;
  vertical-align: middle;
  outline: 2px solid transparent;
  outline-offset: 2px;
  padding: 0px;
  border-radius: full;
  font-size: xl;
}

<div
    class="chakra-stack emotion-0"
  >
    <a
      aria-label="Profile"
      class="chakra-button emotion-1"
      href="/profile"
      rel="noreferrer"
      target="_blank"
    />
    <a
      aria-label="RSS"
      class="chakra-button emotion-1"
      href="/rss"
      rel="noreferrer"
      target="_blank"
    />
    <a
      aria-label="GitHub"
      class="chakra-button emotion-1"
      href="/github"
      rel="noreferrer"
      target="_blank"
    />
    <a
      aria-label="Twitter"
      class="chakra-button emotion-1"
      href="/twitter"
      rel="noreferrer"
      target="_blank"
    />
  </div>
</DocumentFragment>
`;
