// Vitest Snapshot v1, https://vitest.dev/guide/snapshot.html

exports[`PostCard component > snapshot 1`] = `
<DocumentFragment>
  .emotion-0 {
  box-shadow: md;
  border-radius: xl;
  overflow: hidden;
}

.emotion-1:hover,
.emotion-1[data-hover] {
  -webkit-text-decoration: none;
  text-decoration: none;
}

.emotion-2 {
  display: -webkit-box;
  display: -webkit-flex;
  display: -ms-flexbox;
  display: flex;
  -webkit-flex-direction: column;
  -ms-flex-direction: column;
  flex-direction: column;
  -webkit-padding-start: 6px;
  padding-inline-start: 6px;
  -webkit-padding-end: 6px;
  padding-inline-end: 6px;
  padding-top: 3px;
  padding-bottom: 3px;
}

.emotion-2>*:not(style)~*:not(style) {
  margin-top: 0px;
  -webkit-margin-end: 0px;
  margin-inline-end: 0px;
  margin-bottom: 0px;
  -webkit-margin-start: 0px;
  margin-inline-start: 0px;
}

<div
    class="emotion-0"
  >
    <a
      aria-label="Move a page. (/slug)"
      class="chakra-link emotion-1"
      href="/slug"
    >
      <img
        alt="featuredImageAlt"
        src="featuredImage"
      />
    </a>
    <div
      class="chakra-stack emotion-2"
    >
      <div>
        Tags
      </div>
      <a
        aria-label="Move a page. (/slug)"
        class="chakra-link emotion-3"
        href="/slug"
      >
        <div
          class="chakra-heading emotion-3"
        >
          title
        </div>
      </a>
      <div>
        PostMetadata
      </div>
    </div>
  </div>
</DocumentFragment>
`;
