// Vitest Snapshot v1, https://vitest.dev/guide/snapshot.html

exports[`PostCardList component > snapshot 1`] = `
<DocumentFragment>
  .emotion-0 {
  display: grid;
  grid-gap: 6px;
  grid-template-columns: repeat(1, minmax(0, 1fr));
  grid-template-columns: repeat(2, minmax(0, 1fr));
  grid-template-columns: repeat(3, minmax(0, 1fr));
}

<div
    class="emotion-0"
  >
    <div>
      PostCard
    </div>
    <div>
      PostCard
    </div>
    <div>
      PostCard
    </div>
  </div>
</DocumentFragment>
`;
