// Vitest Snapshot v1, https://vitest.dev/guide/snapshot.html

exports[`Seo component > snapshot 1`] = `
<DocumentFragment>
  <title>
    pageTitle - siteTitle
  </title>
  <meta
    content="pageDescription"
    name="description"
  />
  <meta
    content="article"
    property="og:type"
  />
  <meta
    content="pageTitle - siteTitle"
    property="og:title"
  />
  <meta
    content="http://localhost:9000/page-path"
    property="og:url"
  />
  <meta
    content="pageDescription"
    property="og:description"
  />
  <meta
    content="http://localhost:9000/page-image.png"
    property="og:image"
  />
  <meta
    content="siteTitle"
    property="og:site_name"
  />
  <meta
    content="summary"
    name="twitter:card"
  />
  <meta
    content="pageTitle - siteTitle"
    name="twitter:title"
  />
  <meta
    content="http://localhost:9000/page-path"
    name="twitter:url"
  />
  <meta
    content="pageDescription"
    name="twitter:description"
  />
  <meta
    content="http://localhost:9000/page-image.png"
    name="twitter:image"
  />
  <meta
    content="siteAuthor"
    name="twitter:creator"
  />
  <link
    href="http://localhost:9000/page-path"
    rel="canonical"
  />
  <script
    type="application/ld+json"
  >
    {"@context":"https://schema.org","@type":"BlogPosting","headline":"pageTitle - siteTitle","image":"http://localhost:9000/page-image.png","datePublished":"pagePublishedDate","dateModified":"pageUpdatedDate","author":{"@type":"Person","name":"siteAuthor","url":"http://localhost:9001/"}}
  </script>
</DocumentFragment>
`;
