// Vitest Snapshot v1, https://vitest.dev/guide/snapshot.html

exports[`Title component > snapshot 1`] = `
<DocumentFragment>
  .emotion-0 {
  font-weight: extrabold;
  padding-top: 3px;
  padding-bottom: 3px;
}

.emotion-1:hover,
.emotion-1[data-hover] {
  -webkit-text-decoration: none;
  text-decoration: none;
}

<div
    class="chakra-heading emotion-0"
  >
    <a
      aria-label="Move a page. (/)"
      class="chakra-link emotion-1"
      href="/"
    >
      title
    </a>
  </div>
</DocumentFragment>
`;
